[17:01:17] [ServerMain/INFO]: [bootstrap] Running Java 25 (OpenJDK 64-Bit Server VM 25.0.3+9-2-24.04.2-Ubuntu; Ubuntu null) on Linux 6.8.0-1052-azure (amd64)
[17:01:17] [ServerMain/INFO]: [bootstrap] Loading Paper 26.1.2-60-main@b4682bf (2026-05-04T06:25:04Z) for Minecraft 26.1.2
[17:01:18] [ServerMain/INFO]: [PluginInitializerManager] Initializing plugins...
[17:01:18] [ServerMain/INFO]: [PluginInitializerManager] Initialized 0 plugins
[17:01:25] [ServerMain/INFO]: Environment: Environment[sessionHost=https://sessionserver.mojang.com, servicesHost=https://api.minecraftservices.com, profilesHost=https://api.mojang.com, name=PROD]
[17:01:26] [ServerMain/INFO]: Found new data pack file/bukkit, loading it automatically
[17:01:26] [ServerMain/INFO]: Found new data pack paper, loading it automatically
[17:01:27] [Worker-Main-1/INFO]: No existing world data, creating new world
[17:01:28] [ServerMain/INFO]: Loaded 1515 recipes
[17:01:28] [ServerMain/INFO]: Loaded 1617 advancements
[17:01:28] [ServerMain/INFO]: [ca.spottedleaf.dataconverter.minecraft.datatypes.MCTypeRegistry] Initialising converters for DataConverter...
[17:01:29] [ServerMain/INFO]: [ca.spottedleaf.dataconverter.minecraft.datatypes.MCTypeRegistry] Finished initialising converters for DataConverter in 640.7ms
[17:01:29] [Server thread/INFO]: Starting minecraft server version 26.1.2
[17:01:29] [Server thread/INFO]: Loading properties
[17:01:29] [Server thread/INFO]: This server is running Paper version 26.1.2-60-main@b4682bf (2026-05-04T06:25:04Z) (Implementing API version 26.1.2.build.60-stable)
[17:01:29] [Server thread/INFO]: [spark] This server bundles the spark profiler. For more information please visit https://docs.papermc.io/paper/profiling
[17:01:29] [Server thread/INFO]: Server Ping Player Sample Count: 12
[17:01:29] [Server thread/INFO]: Using 4 threads for Netty based IO
[17:01:31] [Server thread/INFO]: [MoonriseCommon] Paper is using 1 worker threads, 1 I/O threads
[17:01:31] [Server thread/INFO]: Default game type: SURVIVAL
[17:01:31] [Server thread/INFO]: Generating keypair
[17:01:31] [Server thread/INFO]: Starting Minecraft server on *:25565
[17:01:32] [Server thread/INFO]: Paper: Using libdeflate (Linux x86_64) compression from Velocity.
[17:01:32] [Server thread/INFO]: Paper: Using OpenSSL 3.x.x (Linux x86_64) cipher from Velocity.
[17:01:32] [Server thread/WARN]: **** SERVER IS RUNNING IN OFFLINE/INSECURE MODE!
[17:01:32] [Server thread/WARN]: The server will make no attempt to authenticate usernames. Beware.
[17:01:32] [Server thread/WARN]: While this makes the game possible to play without internet access, it also opens up the ability for hackers to connect with any username they choose.
[17:01:32] [Server thread/WARN]: To change this, set "online-mode" to "true" in the server.properties file.
[17:01:32] [Server thread/INFO]: Preparing level "world"
[17:01:32] [Server thread/INFO]: Selecting spawn point for level 'minecraft:overworld'...
[17:01:44] [Server thread/INFO]: Selecting spawn point for level 'minecraft:the_nether'...
[17:01:46] [Server thread/INFO]: Selecting spawn point for level 'minecraft:the_end'...
[17:01:46] [Server thread/INFO]: Loading 0 persistent chunks for level 'minecraft:overworld'...
[17:01:46] [Server thread/INFO]: Preparing spawn area: 100%
[17:01:46] [Server thread/INFO]: Prepared spawn area in 13710 ms
[17:01:46] [Server thread/INFO]: Loading 0 persistent chunks for level 'minecraft:the_nether'...
[17:01:46] [Server thread/INFO]: Preparing spawn area: 100%
[17:01:46] [Server thread/INFO]: Prepared spawn area in 2478 ms
[17:01:46] [Server thread/INFO]: Loading 0 persistent chunks for level 'minecraft:the_end'...
[17:01:46] [Server thread/INFO]: Preparing spawn area: 100%
[17:01:46] [Server thread/INFO]: Prepared spawn area in 489 ms
[17:01:46] [Server thread/INFO]: Done preparing level "world" (14.370s)
[17:01:46] [Server thread/INFO]: [spark] Starting background profiler...
[17:01:47] [Server thread/INFO]: Saving chunks for level 'ServerLevel[world]'/minecraft:overworld
[17:01:47] [Server thread/INFO]: Saving chunks for level 'ServerLevel[world]'/minecraft:the_nether
[17:01:47] [Server thread/INFO]: Saving chunks for level 'ServerLevel[world]'/minecraft:the_end
[17:01:47] [Server thread/INFO]: ThreadedAnvilChunkStorage (world): All chunks are saved
[17:01:47] [Server thread/INFO]: ThreadedAnvilChunkStorage (DIM-1): All chunks are saved
[17:01:47] [Server thread/INFO]: ThreadedAnvilChunkStorage (DIM1): All chunks are saved
[17:01:47] [Server thread/INFO]: ThreadedAnvilChunkStorage: All dimensions are saved
[17:01:47] [Server thread/INFO]: Running delayed init tasks
[17:01:47] [Server thread/INFO]: Done (31.568s)! For help, type "help"
[17:01:47] [Server thread/INFO]: *************************************************************************************
[17:01:47] [Server thread/INFO]: This is the first time you're starting this server.
[17:01:47] [Server thread/INFO]: It's recommended you read our 'Getting Started' documentation for guidance.
[17:01:47] [Server thread/INFO]: View this and more helpful information here: https://docs.papermc.io/paper/next-steps
[17:01:47] [Server thread/INFO]: *************************************************************************************
[17:01:48] [Paper Async Task Handler Thread - 1/WARN]: *** You are running an outdated version of Minecraft, which is 2 release(s) and 14 build(s) behind!
[17:01:48] [Paper Async Task Handler Thread - 1/WARN]: *** Please update to the latest stable version on https://papermc.io/downloads/paper ***
[17:23:14] [Server thread/INFO]: [STDOUT] [org.spigotmc.RestartCommand] Startup script './start.sh' does not exist! Stopping server.
[17:23:14] [Server thread/INFO]: Stopping server
[17:23:14] [Server thread/INFO]: Saving players
[17:23:14] [Server thread/INFO]: Saving worlds
[17:23:14] [Server thread/INFO]: Saving chunks for level 'ServerLevel[world]'/minecraft:overworld
[17:23:14] [Server thread/INFO]: [ChunkHolderManager] Waiting 60s for chunk system to halt for world 'minecraft:overworld'
[17:23:14] [Server thread/INFO]: [ChunkHolderManager] Halted chunk system for world 'minecraft:overworld'
[17:23:14] [Server thread/INFO]: [ChunkHolderManager] Saving all chunkholders for world 'minecraft:overworld'
[17:23:14] [Server thread/INFO]: [ChunkHolderManager] Saved 0 block chunks, 0 entity chunks, 0 poi chunks in world 'minecraft:overworld' in 0.00s
[17:23:14] [Server thread/INFO]: [ChunkHolderManager] Waiting 60s for chunk I/O to halt for world 'minecraft:overworld'
[17:23:14] [Server thread/INFO]: [ChunkHolderManager] Halted I/O scheduler for world 'minecraft:overworld'
[17:23:14] [Server thread/INFO]: Saving chunks for level 'ServerLevel[world]'/minecraft:the_nether
[17:23:14] [Server thread/INFO]: [ChunkHolderManager] Waiting 60s for chunk system to halt for world 'minecraft:the_nether'
[17:23:14] [Server thread/INFO]: [ChunkHolderManager] Halted chunk system for world 'minecraft:the_nether'
[17:23:14] [Server thread/INFO]: [ChunkHolderManager] Saving all chunkholders for world 'minecraft:the_nether'
[17:23:14] [Server thread/INFO]: [ChunkHolderManager] Saved 0 block chunks, 0 entity chunks, 0 poi chunks in world 'minecraft:the_nether' in 0.00s
[17:23:14] [Server thread/INFO]: [ChunkHolderManager] Waiting 60s for chunk I/O to halt for world 'minecraft:the_nether'
[17:23:14] [Server thread/INFO]: [ChunkHolderManager] Halted I/O scheduler for world 'minecraft:the_nether'
[17:23:14] [Server thread/INFO]: Saving chunks for level 'ServerLevel[world]'/minecraft:the_end
[17:23:14] [Server thread/INFO]: [ChunkHolderManager] Waiting 60s for chunk system to halt for world 'minecraft:the_end'
[17:23:14] [Server thread/INFO]: [ChunkHolderManager] Halted chunk system for world 'minecraft:the_end'
[17:23:14] [Server thread/INFO]: [ChunkHolderManager] Saving all chunkholders for world 'minecraft:the_end'
[17:23:14] [Server thread/INFO]: [ChunkHolderManager] Saved 0 block chunks, 0 entity chunks, 0 poi chunks in world 'minecraft:the_end' in 0.00s
[17:23:14] [Server thread/INFO]: [ChunkHolderManager] Waiting 60s for chunk I/O to halt for world 'minecraft:the_end'
[17:23:14] [Server thread/INFO]: [ChunkHolderManager] Halted I/O scheduler for world 'minecraft:the_end'
[17:23:14] [Server thread/INFO]: ThreadedAnvilChunkStorage (world): All chunks are saved
[17:23:14] [Server thread/INFO]: ThreadedAnvilChunkStorage (DIM-1): All chunks are saved
[17:23:14] [Server thread/INFO]: ThreadedAnvilChunkStorage (DIM1): All chunks are saved
[17:23:14] [Server thread/INFO]: ThreadedAnvilChunkStorage: All dimensions are saved
[17:23:14] [Server thread/INFO]: Waiting for all RegionFile I/O tasks to complete...
[17:23:14] [Server thread/INFO]: All RegionFile I/O tasks to complete
[17:23:14] [Server thread/INFO]: [MoonriseCommon] Awaiting termination of worker pool for up to 60s...
[17:23:14] [Server thread/INFO]: [MoonriseCommon] Awaiting termination of I/O pool for up to 60s...
